// Jest Snapshot v1, https://goo.gl/fbAQLP

exports[`should render the entire app 1`] = `
<div
  class="wrap"
  id="app"
>
  <div
    class="row"
  >
    <div
      class="span6"
    >
      <h1
        class="logo"
      >
        
            Mike DiDomizio
            
        <br />
         
        <small>
          Staff Engineer
        </small>
      </h1>
    </div>
     
    <div
      class="span3"
    >
      <address
        class="address-info hide-on-phone"
      >
        
            Ottawa, Ontario
            
        <br />
        
        
      </address>
    </div>
     
    <div
      class="span3"
    >
      <ul
        class="contact-info hide-on-phone fixed"
      >
        <!---->
         
        <!---->
         
        <!---->
         
        <li
          class="img"
        >
          <span>
            <img
              alt=""
              src="@/assets/GitHub-Mark-32px.png"
            />
          </span>
           
          <a
            href="https://www.github.com/mikedidomizio"
            target="_blank"
          >
            mikedidomizio
          </a>
        </li>
      </ul>
    </div>
  </div>
   
  <div
    class="row"
  >
    <div
      class="span12"
    >
      <h2
        class="cv-profile"
      >
        Hi - I'm Mike, a Staff Engineer passionate about writing clean,
        <br />
         scalable code and mentoring engineers to grow and thrive.
      </h2>
    </div>
  </div>
   
  <div
    class="row"
  >
    <div
      class="span3 nbsp"
    />
     
    <div
      class="span9"
    >
      <h3
        class="cv-section-title"
      >
        Working Experience
      </h3>
    </div>
  </div>
   
  <div
    class="row cv-item"
  >
    <div
      class="span3 cv-item-description"
    >
      <!---->
       
      <h6>
        <a
          href="https://www.thescore.bet"
        >
          theScore
        </a>
      </h6>
       
      <p>
        
        <!---->
        <span
          class="mute"
        >
          Aug 2022 - Nov 2025
        </span>
      </p>
    </div>
     
    <div
      class="span9 cv-item-details"
    >
      <h4>
        Staff Engineer, Tech Lead (Web Platform)
      </h4>
       
      <!---->
       
      <!---->
       
      <ul
        class="disc"
      >
        <li>
          Led cross team architectural direction for a 40+ developer Next.js NX monorepo,
              defining standards for building scalable, shareable UI components used across multiple product lines.
        </li>
         
        <li>
          Mentored engineers across several teams, coaching intermediate and senior developers on
              advanced React patterns, testing strategies, performance profiling, and scalable frontend design,
              which raised overall engineering quality and velocity.
        </li>
         
        <li>
          Established and led the Web Guild to gather feedback across feature teams, surface common pain points,
              quickly iterate on solutions, and drive alignment on shared frontend and DX standards.
        </li>
         
        <li>
          Partnered with leadership to set delivery expectations, evaluate technical risk, and unblock high priority initiatives.
        </li>
         
        <li>
          Proactively gathered developer pain points and implemented DX improvements, which reduced testing friction,
              standardized workflows, and helped teams ship with greater confidence.
        </li>
         
        <li>
          Started a 30-60-90 onboarding plan with an onboarding buddy program to accelerate
              ramp-up during rapid team growth which enabled engineers to contribute within their first week.
        </li>
         
        <li>
          Developed a macOS utility that sidestepped a blocking daemon dependency, enabling engineers and QA to toggle
              daemon dependent flows without reinstalls and significantly reducing local testing friction.
        </li>
         
        <li>
          Built Datadog dashboards surfacing frontend performance, SLO adherence, and user-experience metrics,
              paired with Slack alerts that improved visibility and alignment on reliability goals.
        </li>
      </ul>
    </div>
  </div>
   
  <div
    class="row cv-item"
  >
    <div
      class="span3 cv-item-description"
    >
      <!---->
       
      <h6>
        <a
          href="https://www.coveo.com"
        >
          Coveo
        </a>
      </h6>
       
      <p>
        
        <!---->
        <span
          class="mute"
        >
          Aug 2021 - Aug 2022
        </span>
      </p>
    </div>
     
    <div
      class="span9 cv-item-details"
    >
      <h4>
        Senior Frontend Developer (Machine Learning)
      </h4>
       
      <!---->
       
      <!---->
       
      <ul
        class="disc"
      >
        <li>
          Implemented automated visual regression testing, reducing unintended UI changes across
          releases and improving overall release confidence.
        </li>
         
        <li>
          Authored coding and review standards that streamlined PR turnaround time and improved consistency across contributors.
        </li>
         
        <li>
          Modernized large sections of legacy Backbone code into React, supported by React Testing Library
          to prevent regressions in ML focused interfaces.
        </li>
      </ul>
    </div>
  </div>
   
  <div
    class="row cv-item"
  >
    <div
      class="span3 cv-item-description"
    >
      <!---->
       
      <h6>
        <a
          href="https://www.thalesgroup.com/en/americas/canada"
        >
          Thales Canada
        </a>
      </h6>
       
      <p>
        
        <!---->
        <span
          class="mute"
        >
          July 2017 - Aug 2021
        </span>
      </p>
    </div>
     
    <div
      class="span9 cv-item-details"
    >
      <h4>
        Scrum Master/Software Developer (Cybersecurity)
      </h4>
       
      <!---->
       
      <!---->
       
      <ul
        class="disc"
      >
        <li>
          Collaborated with Product Managers to estimate feature scope and timeline commitments,
              using historical velocity to improve delivery predictability.
            
        </li>
         
        <li>
          Facilitated daily scrums, sprint planning, and retros, cultivating a continuous improvement culture within the team.
        </li>
         
        <li>
          Delivered independent fullstack feature implementations, supporting a complex cybersecurity
              platform and participating in oncall rotations to ensure system uptime.
        </li>
         
        <li>
          Organized lunch and learns to raise engineering capability across cloud, backend, and frontend topics.
        </li>
         
        <li>
          Deployed multiple Go GCP functions (Pub/Sub, BigQuery) to automate internal workflows and improve system capability.
        </li>
      </ul>
    </div>
  </div>
   
  <div
    class="row cv-item"
  >
    <div
      class="span3 cv-item-description"
    >
      <!---->
       
      <h6>
        <a
          href="https://www.idscorporation.com/na"
        >
          IDS North America
        </a>
      </h6>
       
      <p>
        
        <!---->
        <span
          class="mute"
        >
          July 2015 - July 2017
        </span>
      </p>
    </div>
     
    <div
      class="span9 cv-item-details"
    >
      <h4>
        Lead Developer (Aircraft Navigation)
      </h4>
       
      <!---->
       
      <!---->
       
      <ul
        class="disc"
      >
        <li>
          Acted as lead developer for a 12 person billing application,
              driving one of the company’s most successful product launches.
        </li>
         
        <li>
          Responsible for Sprint planning and backlog refinement.
        </li>
         
        <li>
          Set up of common design, templating, shared AngularJS components for projects.
        </li>
         
        <li>
          Automated CI/CD workflows using GulpJS and GitLab CI to reduce
              deployment friction and accelerate iterative delivery.
        </li>
         
        <li>
          Built custom Yeoman generators to standardize project scaffolding for future teams, improving consistency and onboarding time.
        </li>
      </ul>
    </div>
  </div>
   
  <div
    class="row cv-item"
  >
    <div
      class="span3 cv-item-description"
    >
      <!---->
       
      <h6>
        <a
          href="https://www.spoonity.com/"
        >
          Spoonity
        </a>
      </h6>
       
      <p>
        
        <!---->
        <span
          class="mute"
        >
          February 2014 - July 2015
        </span>
      </p>
    </div>
     
    <div
      class="span9 cv-item-details"
    >
      <h4>
        Mobile App Developer
      </h4>
       
      <!---->
       
      <!---->
       
      <ul
        class="disc"
      >
        <li>
          Maintained 30+ white-labelled mobile apps, powered by a Government SR&ED recognized remote updater system
              that bypassed app store delays and drastically improved release speed.
        </li>
         
        <li>
          Automated development workflows using GruntJS to speed up delivery.
        </li>
         
        <li>
          Built backend PHP functionality supporting consumer facing app features.
        </li>
      </ul>
    </div>
  </div>
   
  <div
    class="row cv-item"
  >
    <div
      class="span3 cv-item-description"
    >
      <!---->
       
      <h6>
        <span>
          MideoMe
        </span>
      </h6>
       
      <p>
        
        <!---->
        <span
          class="mute"
        >
          2011 - 2013
        </span>
      </p>
    </div>
     
    <div
      class="span9 cv-item-details"
    >
      <h4>
        Software Developer
      </h4>
       
      <!---->
       
      <!---->
       
      <ul
        class="disc"
      >
        <li>
          Designed and deployed globally distributed AWS infrastructure (EC2, S3, CloudFront, RDS)
              for scalable media delivery, including streaming pipelines using Wowza/Flowplayer and integrations with social media platforms.
        </li>
         
        <li>
          Contributed to backend architecture, multi server deployments, and content distribution systems optimized for high availability and reach.
        </li>
      </ul>
    </div>
  </div>
   
  <div
    class="row"
  >
    <div
      class="span3 nbsp"
    />
     
    <div
      class="span9"
    >
      <h3
        class="cv-section-title"
      >
        Related skills
      </h3>
    </div>
  </div>
   
  <div>
    <div
      class="row print-flex"
    >
      <div
        class="span3 nbsp"
      >
         
      </div>
       
      <div
        class="span9 print-flex"
      >
        <div
          class="span3 skill"
        >
          <h4>
            Next.js/React
          </h4>
           
          <div
            class="level"
          >
            <span
              class="l-9"
            >
              Expert
            </span>
          </div>
           
          <p>
            Expert
          </p>
        </div>
         
        <div
          class="span3 skill"
        >
          <h4>
            Node.js
          </h4>
           
          <div
            class="level"
          >
            <span
              class="l-9"
            >
              Expert
            </span>
          </div>
           
          <p>
            Expert
          </p>
        </div>
         
        <div
          class="span3 skill"
        >
          <h4>
            PostgreSQL/MySQL
          </h4>
           
          <div
            class="level"
          >
            <span
              class="l-8"
            >
              Proficient
            </span>
          </div>
           
          <p>
            Proficient
          </p>
        </div>
      </div>
    </div>
     
    <div
      class="row print-flex"
    >
      <div
        class="span3 nbsp"
      >
         
      </div>
       
      <div
        class="span9 print-flex"
      >
        <div
          class="span3 skill"
        >
          <h4>
            TypeScript
          </h4>
           
          <div
            class="level"
          >
            <span
              class="l-9"
            >
              Expert
            </span>
          </div>
           
          <p>
            Expert
          </p>
        </div>
         
        <div
          class="span3 skill"
        >
          <h4>
            Java
          </h4>
           
          <div
            class="level"
          >
            <span
              class="l-6"
            >
              Competent
            </span>
          </div>
           
          <p>
            Competent
          </p>
        </div>
         
        <div
          class="span3 skill"
        >
          <h4>
            Automation/CI/CD
          </h4>
           
          <div
            class="level"
          >
            <span
              class="l-9"
            >
              Expert
            </span>
          </div>
           
          <p>
            Expert
          </p>
        </div>
      </div>
    </div>
     
    <div
      class="row print-flex"
    >
      <div
        class="span3 nbsp"
      >
         
      </div>
       
      <div
        class="span9 print-flex"
      >
        <div
          class="span3 skill"
        >
          <h4>
            HTML
          </h4>
           
          <div
            class="level"
          >
            <span
              class="l-9"
            >
              Expert
            </span>
          </div>
           
          <p>
            Expert
          </p>
        </div>
         
        <div
          class="span3 skill"
        >
          <h4>
            PHP
          </h4>
           
          <div
            class="level"
          >
            <span
              class="l-7"
            >
              Proficient
            </span>
          </div>
           
          <p>
            Proficient
          </p>
        </div>
         
        <div
          class="span3 skill"
        >
          <h4>
            Terraforming
          </h4>
           
          <div
            class="level"
          >
            <span
              class="l-6"
            >
              Competent
            </span>
          </div>
           
          <p>
            Competent
          </p>
        </div>
      </div>
    </div>
  </div>
   
  <div
    class="row"
  >
    <div
      class="span3 nbsp"
    />
     
    <div
      class="span9"
    >
      <h3
        class="cv-section-title"
      >
        Other projects
      </h3>
    </div>
  </div>
   
  <div>
    <div
      class="row print-flex"
    >
      <div
        class="span3 nbsp"
      >
         
      </div>
       
      <div
        class="span9 print-flex"
      >
        <ul
          class="disc"
        >
          <li>
            
                  Rapid Antigen Test Finder (2021):  built a rapid antigen test appointment helper for most of Canada.
                  It received nationwide attention, and I was interviewed by 
            <a
              href="https://www.youtube.com/watch?v=JZNTT7g3ytQ"
              target="_blank"
            >
              CTV Toronto
            </a>
            
                  , 
            <a
              href="https://www.youtube.com/watch?v=6ofQ82206K8"
              target="_blank"
            >
              CTV Ottawa
            </a>
            , as well as multiple radio/newspaper interviews including the Toronto Star.
                  Built with Next.js, GraphQL, and deployed via Vercel. In its first five days, it consistently received 20,000+ hits per day.
                
          </li>
           
          <li>
            Open Source Contributions: Contributed to fixes in open source tooling like pnpm, LaunchDarkly SDK, and ESLint.
          </li>
           
          <li>
            VueJS powered résumé: This résumé is a web project in VueJS!  It's 
            <a
              href="https://github.com/mikedidomizio/mikedidomizio-resume"
            >
              open
                    source
            </a>
            , with automated testing, Docker setup, and S3/Vercel deployment.
                
          </li>
        </ul>
      </div>
    </div>
  </div>
</div>
`;
